{"timestamp":"2025-09-19 12:00:05.751 MSK","user":"user","dbname":"dbname","pid":3985966,"remote_host":"[local]","session_id":"68cd12ce.3cd22e","line_num":20,"ps":"INSERT","session_start":"2025-09-19 11:22:38 MSK","vxid":"37/11788595","txid":6370569,"error_severity":"ERROR","state_code":"23505","message":"duplicate key value violates unique constraint \"project_name_key\""}
{"timestamp":"2025-09-19 09:00:12.522 MSK","user":"user","dbname":"dbname","pid":3836185,"remote_host":"[local]","session_id":"68ccf16c.3a8919","line_num":4,"ps":"INSERT","session_start":"2025-09-19 09:00:12 MSK","vxid":"68/10963362","txid":6367224,"error_severity":"ERROR","state_code":"23505","message":"duplicate key value violates unique constraint \"project_name_key\""}
{"timestamp":"2025-09-18 19:00:09.069 MSK","user":"user","dbname":"dbname","pid":2952899,"remote_host":"[local]","session_id":"68cc2c88.2d0ec3","line_num":4,"ps":"INSERT","session_start":"2025-09-18 19:00:08 MSK","vxid":"41/4336086","txid":6361970,"error_severity":"ERROR","state_code":"23505","message":"duplicate key value violates unique constraint \"project_name_key\""}
{"timestamp":"2025-09-23 18:58:21.848 MSK","user":"user","dbname":"dbname","pid":2090646,"remote_host":"[local]","session_id":"68d2ba38.1fe696","line_num":18,"ps":"idle in transaction","session_start":"2025-09-23 18:18:16 MSK","vxid":"33/18476998","txid":0,"error_severity":"LOG","message":"statement: INSERT INTO event_logs"}
{"timestamp":"2025-09-23 18:58:21.848 MSK","user":"user","dbname":"dbname","pid":2090646,"remote_host":"[local]","session_id":"68d2ba38.1fe696","line_num":18,"ps":"idle in transaction","session_start":"2025-09-23 18:18:16 MSK","vxid":"33/18476998","txid":0,"error_severity":"LOG","message":"statement: INSERT INTO event_logs"}